../Core/Src/main.c:64:6:PC_SendMessage	16	static
../Core/Src/main.c:68:6:ESP_SendCommand	16	static
../Core/Src/main.c:73:6:ConnectToWifi	8	static
../Core/Src/main.c:82:6:MQTT_Connect	336	static
../Core/Src/main.c:100:6:MQTT_Publish	328	static
../Core/Src/main.c:120:6:HAL_UART_RxCpltCallback	16	static
../Core/Src/main.c:148:5:main	16	static
../Core/Src/main.c:208:6:SystemClock_Config	96	static
../Core/Src/main.c:253:13:MX_USART1_UART_Init	8	static
../Core/Src/main.c:287:13:MX_USART2_UART_Init	8	static
../Core/Src/main.c:322:13:MX_GPIO_Init	16	static
../Core/Src/main.c:343:6:Error_Handler	4	static,ignoring_inline_asm
